main.c:92:5:main	48	static
main.c:193:6:SystemClock_Config	88	static
main.c:238:13:MX_ADC1_Init	24	static
main.c:292:13:MX_I2C1_Init	8	static
main.c:326:13:MX_TIM2_Init	32	static
main.c:371:13:MX_USART2_UART_Init	8	static
main.c:402:13:MX_DMA_Init	16	static
main.c:420:13:MX_GPIO_Init	48	static
main.c:461:6:HAL_TIM_PeriodElapsedCallback	16	static
main.c:491:6:SetUpNormalizeParameter	16432	static
main.c:507:6:DrawParameter	48	static
main.c:530:6:UserSetUp	56	static
main.c:635:6:Error_Handler	4	static
