main.c:93:5:main	48	static
main.c:196:6:SystemClock_Config	88	static
main.c:241:13:MX_ADC1_Init	24	static
main.c:295:13:MX_I2C1_Init	8	static
main.c:329:13:MX_TIM2_Init	32	static
main.c:374:13:MX_USART2_UART_Init	8	static
main.c:405:13:MX_DMA_Init	16	static
main.c:423:13:MX_GPIO_Init	48	static
main.c:464:6:HAL_TIM_PeriodElapsedCallback	16	static
main.c:500:6:SetUpNormalizeParameter	16432	static
main.c:516:6:DrawParameter	48	static
main.c:543:6:UserSetUp	56	static
main.c:652:6:Error_Handler	4	static
